[PASS] Node.js >= 22 — v22.23.2
[PASS] npm dependencies = package-lock.json (the only runtime dependencies) — {"ethers":"6.13.5","zksync-ethers":"6.21.2"}
[PASS] dependency graph: 10 packages (ethers, zksync-ethers and their dependencies) — 10 packages
[PASS] RPC path: node:https/http only (no WebSocket, no ethers provider, no fetch/undici)
[PASS] frozen public image record (ARCHIVE.json: index -> manifest -> config chain verified) — image sha256:7e23ea8113a2… linux/arm64; archive sha256 a492ad74c083f27b…
[PASS] image used by this doctor = the frozen public image — sha256:7e23ea8113a279b1d38be9ebb7eb374408661e8bb064e475c72030ce853f3724
[WARN] frozen primary endpoints in the binding — not yet frozen: sepolia, era-sepolia
       Fix: author input: endpoints.frozen in the binding (protocol section 17)
[PASS] protocol present — csi/protocols/chain/CHAIN-PUBLIC-PROTOCOL-v1.md (sha256 51db3707331f72c3…)
[PASS] frozen inputs (INPUTS.sha256, IDENTITY.json) — 43 identity checks; manifest 14cbed1bac6a22d7…
[PASS] schedule — 40 transactions (16 setup, 24 verification in 3 sessions)
[WARN] session start times frozen in the binding — not yet set: S1, S2, S3
       Fix: author input: set scheduled_start_utc for S1-S3 (at least two calendar days) and commit before session 1
[WARN] tracked paths clean — ?? chainbench/adapters/public/ARCHIVE.json
       Fix: live runs refuse a dirty tree
[WARN] signing key — none configured (reviewer mode: validation and derivation need no key)
       Fix: for live runs set CHAINBENCH_PUBLIC_KEY_FILE
[WARN] Ethereum Sepolia endpoint — not configured (CHAINBENCH_PUBLIC_RPC_SEPOLIA)
       Fix: author input: set CHAINBENCH_PUBLIC_RPC_SEPOLIA and CHAINBENCH_PUBLIC_RPC_LABEL_SEPOLIA
[PASS] ZKsync Era Sepolia endpoint (https) — sepolia.era.zksync.dev host sepolia.era.zksync.dev
DOCTOR-PUBLIC: no FAIL (5 WARN); nothing was signed or sent; report build/chainbench/public/doctor/doctor-20260925T163511Z.json
