{"cell":"primary-groth16-d5","rows":18,"fail":0,"accounting_fail":0}
{"cell":"primary-groth16-d11","rows":18,"fail":0,"accounting_fail":0}
{"cell":"primary-plonk-d10","rows":18,"fail":0,"accounting_fail":0}
{"cell":"primary-plonk-d11","rows":18,"fail":0,"accounting_fail":0}
EXEC cells done 4/4
{"run":"dry-l2-3e0f6c8-20260925T125852Z-a","rows":72,"expected":72,"failing":0,"accounting_fail":0,"bytecode_match":true,"accepted_checks":true}
[PASS] V1 CSV header = raw schema (56 columns)
[PASS] V2 rows 72 = 72, tx rows 52 = 52
[PASS] V3 cells in plan order
[PASS] V4 every cell follows the section 7 operation sequence (op_seq 1..n)
[PASS] V5 every row has its expected status / revert reason / return value (check_pass = 1)
[PASS] V6 transaction type, gas limit, fee fields, chain id and protocol version as frozen
[PASS] V7 fee accounting: one node record per transaction; pubdata_gas = pubdata_bytes x 84; receipt gasUsed reproduced exactly from computational_gas, pubdata_bytes and the fixed fee input
[PASS] V8 deployed bytecode = compiled artifact (eth_getCode, versioned bytecode hash, size, one factory dependency)
[PASS] V9 all 24 compiled contracts within the EraVM bytecode limit
[PASS] V10 fresh chain per cell: nonces from 0, strictly increasing blocks, distinct transaction hashes
[PASS] V11 anvil-zksync, zksolc and era-solc binaries = pins
[PASS] V12 environment check passed (system contracts, protocol, fee-accounting probe)
[PASS] V13 base system contracts = anvil-zksync 0.6.11 built-in protocol v29
VALIDATION PASS (13/13 rules)
{"cell":"primary-groth16-d5","rows":18,"fail":0,"accounting_fail":0}
{"cell":"primary-groth16-d11","rows":18,"fail":0,"accounting_fail":0}
{"cell":"primary-plonk-d10","rows":18,"fail":0,"accounting_fail":0}
{"cell":"primary-plonk-d11","rows":18,"fail":0,"accounting_fail":0}
EXEC cells done 4/4
{"run":"dry-l2-3e0f6c8-20260925T125852Z-b","rows":72,"expected":72,"failing":0,"accounting_fail":0,"bytecode_match":true,"accepted_checks":true}
[PASS] V1 CSV header = raw schema (56 columns)
[PASS] V2 rows 72 = 72, tx rows 52 = 52
[PASS] V3 cells in plan order
[PASS] V4 every cell follows the section 7 operation sequence (op_seq 1..n)
[PASS] V5 every row has its expected status / revert reason / return value (check_pass = 1)
[PASS] V6 transaction type, gas limit, fee fields, chain id and protocol version as frozen
[PASS] V7 fee accounting: one node record per transaction; pubdata_gas = pubdata_bytes x 84; receipt gasUsed reproduced exactly from computational_gas, pubdata_bytes and the fixed fee input
[PASS] V8 deployed bytecode = compiled artifact (eth_getCode, versioned bytecode hash, size, one factory dependency)
[PASS] V9 all 24 compiled contracts within the EraVM bytecode limit
[PASS] V10 fresh chain per cell: nonces from 0, strictly increasing blocks, distinct transaction hashes
[PASS] V11 anvil-zksync, zksolc and era-solc binaries = pins
[PASS] V12 environment check passed (system contracts, protocol, fee-accounting probe)
[PASS] V13 base system contracts = anvil-zksync 0.6.11 built-in protocol v29
VALIDATION PASS (13/13 rules)
{
 "identical": true,
 "rows_a": 72,
 "rows_b": 72,
 "rows_compared": 72,
 "tx_rows_compared": 52,
 "call_rows_compared": 20,
 "field_value_comparisons": 3960,
 "differences_per_field": {},
 "build_manifest": {
  "identical": true,
  "sha256_a": "60f5f73114ef0639b8036f2fa560dafd5f56f4dd0db9664a5544e164c2f1a504",
  "sha256_b": "60f5f73114ef0639b8036f2fa560dafd5f56f4dd0db9664a5544e164c2f1a504"
 },
 "env_check": {
  "probe_identical": true,
  "checks_identical": true
 },
 "environment": {
  "toolchain": true,
  "packages": true,
  "lockfile_sha256": true,
  "pins_sha256": true,
  "node_options": true,
  "tx_fields": true,
  "fee_input": true,
  "compiler_settings": true,
  "node": true
 },
 "run_level": {
  "arm": true,
  "plan": true,
  "protocol_sha256": true,
  "proofset_manifest": true,
  "cells": true,
  "proofs": true,
  "expected_rows": true,
  "expected_tx": true,
  "build_output_sha256": true
 }
}
summary: /repo/build/chainbench/l2/dry-run/dry-l2-3e0f6c8-20260925T125852Z-a/summary.csv (44 groups from dry-l2-3e0f6c8-20260925T125852Z-a)
compile sizes: /repo/build/chainbench/l2/dry-run/dry-l2-3e0f6c8-20260925T125852Z-a/compile_sizes.csv (24 contracts)
