== sepolia (Alchemy host eth-sepolia.g.alchemy.com)
  ok   eth_chainId [chainId]
  ok   web3_clientVersion [clientVersion]
  ok   eth_blockNumber [blockNumber]
  ok   eth_getBlockByNumber [latestBlock]
  ok   eth_getBlockByNumber [blockByNumber]
  ok   eth_gasPrice [gasPrice]
  ok   eth_getBalance [balanceLatest]
  ok   eth_getBalance [balanceAtBlock]
  ok   eth_getTransactionCount [nonceLatest]
  ok   eth_getTransactionCount [noncePending]
  ok   eth_getCode [code]
  ok   eth_call [call]
  ok   eth_getTransactionReceipt [receiptUnknown]
  ok   eth_getTransactionByHash [txUnknown]
  ok   eth_config [ethConfig]
  ok   eth_maxPriorityFeePerGas [maxPriorityFeePerGas]
  ok   eth_feeHistory [feeHistory]
  ok   eth_feeHistory [feeHistory1024]
  ok   eth_estimateGas [estimateDeploy:Groth16LegacyVerifierDepth11]
  ok   eth_estimateGas [estimateDeploy:CredentialManagerGroth16]
  ok   eth_estimateGas [estimateDeploy:PlonkVerifierDepth11]
  ok   eth_estimateGas [estimateDeploy:CredentialManagerPlonk]
== era-sepolia (sepolia.era.zksync.dev host sepolia.era.zksync.dev)
  ok   eth_chainId [chainId]
  ok   web3_clientVersion [clientVersion]
  ok   eth_blockNumber [blockNumber]
  ok   eth_getBlockByNumber [latestBlock]
  ok   eth_getBlockByNumber [blockByNumber]
  ok   eth_gasPrice [gasPrice]
  ok   eth_getBalance [balanceLatest]
  ok   eth_getBalance [balanceAtBlock]
  ok   eth_getTransactionCount [nonceLatest]
  ok   eth_getTransactionCount [noncePending]
  ok   eth_getCode [code]
  ok   eth_call [call]
  ok   eth_getTransactionReceipt [receiptUnknown]
  ok   eth_getTransactionByHash [txUnknown]
  miss eth_config [ethConfig] — jsonrpc -32601 Method not found
  ok   zks_getProtocolVersion [protocolVersion]
  ok   zks_getFeeParams [feeParams]
  ok   zks_L1BatchNumber [l1BatchNumber]
  ok   zks_getL1BatchDetails [l1BatchDetails]
  ok   zks_getL1BatchDetails [l1BatchDetailsPrev]
  ok   zks_getL1BatchDetails [l1BatchDetailsOld]
  ok   zks_getBlockDetails [blockDetails]
  ok   zks_getTransactionDetails [txDetailsUnknown]
  ok   zks_estimateFee [estimateFeeCall]
  ok   zks_estimateFee [estimateDeploy:Groth16LegacyVerifierDepth11]
  ok   zks_estimateFee [estimateDeploy:CredentialManagerGroth16]
  ok   zks_estimateFee [estimateDeploy:PlonkVerifierDepth11]
  ok   zks_estimateFee [estimateDeploy:CredentialManagerPlonk]
RPC-PROBE: nothing was signed or sent; record build/chainbench/public/preflight/records/live-20260925T154312Z/rpc-probe.json
