 INFO initializing system contracts protocol_version=29 use_evm_emulator=false zksync_os.zksync_os=false
 INFO Starting executing L1 batch #1
TRACE Fee benchmark for transaction with hash 72f595315a2d5fa29001067a7439ccbd311e1b3dd0b09e470f0c2896cfa8fa5e
TRACE Gas Limit: 20000000
TRACE Gas spent on computation: 2906398
TRACE Gas spent on pubdata: 2059932
TRACE Pubdata published: 24523
 INFO Starting executing L1 batch #2
TRACE Fee benchmark for transaction with hash 90e146665c904a54107cc501f9edb87cbf72f9e49537ea08f3cd4720cefb8b58
TRACE Gas Limit: 20000000
TRACE Gas spent on computation: 717867
TRACE Gas spent on pubdata: 441924
TRACE Pubdata published: 5261
 INFO Starting executing L1 batch #3
TRACE Fee benchmark for transaction with hash 713564879c8aff6031e6624c8058f345711ab28df94e9be12b15a64f20b02b53
TRACE Gas Limit: 2000000
TRACE Gas spent on computation: 124461
TRACE Gas spent on pubdata: 4284
TRACE Pubdata published: 51
 INFO Starting executing L1 batch #4
TRACE Fee benchmark for transaction with hash 2e453c3dbcfe5b81e50259da72bb3c08a6cea04f063723fed6747de0d9caa191
TRACE Gas Limit: 2000000
TRACE Gas spent on computation: 124781
TRACE Gas spent on pubdata: 4284
TRACE Pubdata published: 51
 INFO Starting executing L1 batch #5
TRACE Fee benchmark for transaction with hash e4f281fb70e73f9e366e63373e71ece2348dfedf9611822d74b076a94af7b23f
TRACE Gas Limit: 10000000
TRACE Gas spent on computation: 453699
TRACE Gas spent on pubdata: 1512
TRACE Pubdata published: 18
 INFO Starting executing L1 batch #6
TRACE Fee benchmark for transaction with hash f1b1aa34d397055f499031a6a36eca8b8e9cc02b5314805fc3d304605d93fdc7
TRACE Gas Limit: 10000000
TRACE Gas spent on computation: 451047
TRACE Gas spent on pubdata: 1512
TRACE Pubdata published: 18
 INFO Starting executing L1 batch #7
TRACE Fee benchmark for transaction with hash 623d64366a843a3e30ad320ee9f87bdfca08d9fde5c3f544bdcebcf4eeca7723
TRACE Gas Limit: 10000000
TRACE Gas spent on computation: 451353
TRACE Gas spent on pubdata: 1512
TRACE Pubdata published: 18
 INFO Starting executing L1 batch #8
TRACE Fee benchmark for transaction with hash 4e1641aab887ff5316964b851c74eb61bc66b3399335979604510f3a73ff7c17
TRACE Gas Limit: 10000000
TRACE Gas spent on computation: 452535
TRACE Gas spent on pubdata: 1512
TRACE Pubdata published: 18
 INFO Starting executing L1 batch #9
TRACE Fee benchmark for transaction with hash 77d59ee9d8560d5b9ef2ace446c8a7b2c9a290942a93dc4d4a16acabcfb59dac
TRACE Gas Limit: 10000000
TRACE Gas spent on computation: 454059
TRACE Gas spent on pubdata: 1512
TRACE Pubdata published: 18
 INFO Starting executing L1 batch #10
TRACE Fee benchmark for transaction with hash 48f8cda7041d8015d677b8e2c1db2bb56236d4c10879c995d704a739143504e0
TRACE Gas Limit: 10000000
TRACE Gas spent on computation: 452685
TRACE Gas spent on pubdata: 1512
TRACE Pubdata published: 18
 INFO Starting executing L1 batch #11
TRACE Fee benchmark for transaction with hash cfd41f8769bdaa0c182200b2db44c0a59c4d6ec5d68029c67b4d3d40ed863f35
TRACE Gas Limit: 10000000
TRACE Gas spent on computation: 455613
TRACE Gas spent on pubdata: 1512
TRACE Pubdata published: 18
 INFO Starting executing L1 batch #12
TRACE Fee benchmark for transaction with hash 4f3d2a36e717fabee42875d483d3a73e2a0e83ce21410b74afa8844d28e3c771
TRACE Gas Limit: 10000000
TRACE Gas spent on computation: 453675
TRACE Gas spent on pubdata: 1512
TRACE Pubdata published: 18
 INFO Starting executing L1 batch #13
TRACE Fee benchmark for transaction with hash cca3f74ed58b215a0275ca0f46fc255cfecfaeab721107cbee17ffe105e66040
TRACE Gas Limit: 10000000
TRACE Gas spent on computation: 446250
TRACE Gas spent on pubdata: 1512
TRACE Pubdata published: 18
 INFO Starting executing L1 batch #14
TRACE Fee benchmark for transaction with hash cfe21a31959a99e1074861db36dbef566a3cc323e4602147121991d90179901b
TRACE Gas Limit: 10000000
TRACE Gas spent on computation: 443598
TRACE Gas spent on pubdata: 1512
TRACE Pubdata published: 18
 INFO Starting executing L1 batch #15
TRACE Fee benchmark for transaction with hash 55167df1f67329b4242d98a75b0dcb1988b71cb653c57fd3f244af8074c8f445
TRACE Gas Limit: 10000000
TRACE Gas spent on computation: 443904
TRACE Gas spent on pubdata: 1512
TRACE Pubdata published: 18
 INFO Starting executing L1 batch #16
TRACE Fee benchmark for transaction with hash 58f9e9c89eb39c3049687915bdccbeae11b96a4d056d2073ce3d9e66da2f77fd
TRACE Gas Limit: 10000000
TRACE Gas spent on computation: 445086
TRACE Gas spent on pubdata: 1512
TRACE Pubdata published: 18
 INFO Starting executing L1 batch #17
TRACE Fee benchmark for transaction with hash ba1e2f5f09672ef377bd8f809d481b1b4c0a09fa7850fc327bfc9ab205f5446b
TRACE Gas Limit: 10000000
TRACE Gas spent on computation: 446610
TRACE Gas spent on pubdata: 1512
TRACE Pubdata published: 18
 INFO Starting executing L1 batch #18
TRACE Fee benchmark for transaction with hash 0682f2d4c52c0f56bfe8d3ed1672211392032e069cf184e6ebc4cf0cb71a245d
TRACE Gas Limit: 10000000
TRACE Gas spent on computation: 445236
TRACE Gas spent on pubdata: 1512
TRACE Pubdata published: 18
 INFO Starting executing L1 batch #19
TRACE Fee benchmark for transaction with hash c8c0c1466017f92a3ad890f0216e878aed664cacf264bfd28d5b8267e06840a9
TRACE Gas Limit: 10000000
TRACE Gas spent on computation: 448164
TRACE Gas spent on pubdata: 1512
TRACE Pubdata published: 18
 INFO Starting executing L1 batch #20
TRACE Fee benchmark for transaction with hash 13694fa4e0dd2886610ca5f672f797f3ed650759a795e7277ee33a3d39cc7d5a
TRACE Gas Limit: 10000000
TRACE Gas spent on computation: 446226
TRACE Gas spent on pubdata: 1512
TRACE Pubdata published: 18
 INFO Starting executing L1 batch #21
TRACE Fee benchmark for transaction with hash 486bbb73505851787fc1f52f42a67ab9fa77e99e522610b7615023e5468f7247
TRACE Gas Limit: 10000000
TRACE Gas spent on computation: 118760
TRACE Gas spent on pubdata: 1512
TRACE Pubdata published: 18
 INFO Starting executing L1 batch #22
TRACE Fee benchmark for transaction with hash ee2b79c45e47c40ed0de144ab8e43dff0001d7a6cfd424d3e9ca8b4c65d70221
TRACE Gas Limit: 10000000
TRACE Gas spent on computation: 453266
TRACE Gas spent on pubdata: 1512
TRACE Pubdata published: 18
 INFO Starting executing L1 batch #23
TRACE Fee benchmark for transaction with hash acd12d3b21343b2c3cad81417ffbebc75b95e78d142174a91d89ce868343f8cc
TRACE Gas Limit: 2000000
TRACE Gas spent on computation: 124781
TRACE Gas spent on pubdata: 4284
TRACE Pubdata published: 51
 INFO Starting executing L1 batch #24
TRACE Fee benchmark for transaction with hash a9df69ccea20668edc8e4bbf98810531e83d767382638f910ead85f1a2de5540
TRACE Gas Limit: 10000000
TRACE Gas spent on computation: 452396
TRACE Gas spent on pubdata: 1512
TRACE Pubdata published: 18
 INFO Starting executing L1 batch #25
TRACE Fee benchmark for transaction with hash 299db5580b5eb3bcffef33cf6b28034cc9c4ad819016fd11799c90a539316c48
TRACE Gas Limit: 2000000
TRACE Gas spent on computation: 118583
TRACE Gas spent on pubdata: 3780
TRACE Pubdata published: 45
